# 1 准备工作（Ubuntu）：

## 1.1 打开终端

点击Ubuntu桌面左下角图标，在打开的页面中键盘输入`terminal`,点击`终端`启动终端（也就是命令行）

## 1.2 获取管理员权限

在终端软件中输入以下命令，并回车：
```bash
sudo -i
```
紧接着输入系统登录的用户密码并回车（注意：输入密码的过程中，不会做任何显示，直接输入即可）

## 1.3 新建用于挂载的目录

终端中输入以下命令，新建一个名称为`disk`的目录用于挂载后期插入的所有硬盘（名字可以自定义）：
```bash
mkdir /mnt/disk
```

为每一个插入的硬盘再新建一个对应的目录（1、2、3、4...）：
```bash
mkdir /mnt/disk/1 /mnt/disk/2 /mnt/disk/3  /mnt/disk/4 
```

# 2 挂载硬盘

# 2.1 Windows上面格式化硬盘

# 2.2 将完成格式化的硬盘插入Ubuntu系统电脑

# 2.3 查看新插入的硬盘：
``` bash
fdisk -l | grep /dev/sd
```
以上命令将显示系统已经识别的硬盘，类似如下的显示：
``` bash
Disk /dev/sdg: 14.55 TiB, 16000900661248 bytes, 31251759104 sectors
/dev/sdg1     34       32767       32734   16M Microsoft reserved
/dev/sdg2  32768 31251755007 31251722240 14.6T Microsoft basic data
```
> `/dev/sdg`: 可以理解成硬盘名称，真正能使用的是`/dev/sdg1`和`/dev/sdg2`，可以理解成C盘、D盘。

# 2.4 对ntfs文件系统的硬盘做预处理
```bash
ntfsfix /dev/sdg2
```

# 2.5 获取可使用盘（本例中是`/dev/sdg2`，因为它的空间明显比另外个大...）的UUID:
```bash
blkid /dev/sdg2
```
显示：
```
/dev/sdg2: LABEL="06" BLOCK_SIZE="512" UUID="3AB28B7BB28B3A81" TYPE="ntfs" PARTLABEL="Basic data partition" PARTUUID="20644268-1c56-4258-9375-9115b3770f8a"
```
此处的UUID就是`3AB28B7BB28B3A81`,复制下来备用。

# 2.6 挂载硬盘：
```bash
mount UUID=3AB28B7BB28B3A81 /mnt/disk/1
```

以上操作，将新插入的并被识别为`/dev/sdg`的硬盘中的最大的一个分区`/dev/sdg2`挂载到`/mnt/disk/1`目录。
